phase1/assignLocal.rc
phase1/assign_test2.rc
phase1/assign_test4.rc
phase1/assign_test5.rc
phase1/basic_arithmetic_test3.rc
phase1/basic_arithmetic_test4.rc
phase1/benkatherine-Assign-1.rc
phase1/benkatherine-I1-22.rc
phase1/benkatherine-I1-23.rc
phase1/benkatherine-I1-7.rc
phase1/benkatherine-IntOp-1.rc
phase1/benkatherine-array-1.rc
phase1/benkatherine-cout-1.rc
phase1/benkatherine-cout-2.rc
phase1/benkatherine-float-1.rc
phase1/benkatherine-if-10.rc
phase1/benkatherine-if-5.rc
phase1/benkatherine-if-6.rc
phase1/benkatherine-if-7.rc
phase1/benkatherine-if-8.rc
phase1/benkatherine-if-9.rc
phase1/comparison_test1.rc
phase1/comparison_test2.rc
phase1/comparison_test3.rc
phase1/comparison_test4.rc
phase1/cout_chain_test1.rc
phase1/func_test2.rc
phase1/global_local_test.rc
phase1/global_test1.rc
phase1/new.rc
phase1/new16.rc
phase1/new17.rc
phase1/new5.rc
phase1/new9.rc
phase1/recursion_test2.rc
phase1/recursion_test3.rc
phase1/rohanlocalF.rc
phase1/rohanlocalH.rc
phase1/rohanlocalJ.rc
phase1/rohanlocalK.rc
phase1/test1-05.rc
phase1/test1-09.rc
phase1/test1-10.rc
phase1/test1-13.rc
phase1/test1-14.rc
phase1/test1-15.rc
phase1/test1-16.rc
phase1/test1-20.rc
phase1/test1-21.rc
phase1/test1-22.rc
phase1/test1-23.rc
phase1/test1-24.rc
phase1/test1-25.rc
phase1/test1-26.rc
phase1/test1-27.rc
phase1/test1-28.rc
phase1/test1-29.rc
phase1/test1-30.rc
phase1/test1-31.rc
phase1/test1-35.rc
phase1/test1-36.rc
phase1/test1-36_1.rc
