phase1/assign_test1.rc
phase1/assign_test3.rc
phase1/basic_arithmetic_test1.rc
phase1/basic_arithmetic_test2.rc
phase1/benkatherine-I1-1.rc
phase1/benkatherine-I1-10.rc
phase1/benkatherine-I1-11.rc
phase1/benkatherine-I1-12.rc
phase1/benkatherine-I1-13.rc
phase1/benkatherine-I1-15.rc
phase1/benkatherine-I1-16.rc
phase1/benkatherine-I1-17.rc
phase1/benkatherine-I1-18.rc
phase1/benkatherine-I1-19.rc
phase1/benkatherine-I1-2.rc
phase1/benkatherine-I1-20.rc
phase1/benkatherine-I1-21.rc
phase1/benkatherine-I1-3.rc
phase1/benkatherine-I1-5.rc
phase1/benkatherine-I1-8.rc
phase1/benkatherine-I1-9.rc
phase1/benkatherine-I1.rc
phase1/benkatherine-IntOp-2.rc
phase1/benkatherine-constantfolding-1.rc
phase1/benkatherine-cout-3.rc
phase1/benkatherine-cout-4.rc
phase1/benkatherine-cout-5.rc
phase1/benkatherine-exit-1.rc
phase1/benkatherine-float-2.rc
phase1/benkatherine-if-1.rc
phase1/benkatherine-if-11.rc
phase1/benkatherine-if-12.rc
phase1/benkatherine-if-2.rc
phase1/benkatherine-if-3.rc
phase1/benkatherine-if-4.rc
phase1/cout_test1.rc
phase1/cout_test2.rc
phase1/cout_test3.rc
phase1/func_test1.rc
phase1/if_conditional_test1.rc
phase1/if_conditional_test2.rc
phase1/if_conditional_test3.rc
phase1/incdec_test1.rc
phase1/large_example_test.rc
phase1/mike_cout.rc
phase1/new1.rc
phase1/new10.rc
phase1/new12.rc
phase1/new13.rc
phase1/new14.rc
phase1/new15.rc
phase1/new18.rc
phase1/new19.rc
phase1/new2.rc
phase1/new20.rc
phase1/new21.rc
phase1/new22.rc
phase1/new23.rc
phase1/new24.rc
phase1/new25.rc
phase1/new26.rc
phase1/new27.rc
phase1/new28.rc
phase1/new29.rc
phase1/new3.rc
phase1/new30.rc
phase1/new31.rc
phase1/new32.rc
phase1/new33.rc
phase1/new34.rc
phase1/new35.rc
phase1/new36.rc
phase1/new37.rc
phase1/new4.rc
phase1/new6.rc
phase1/new7.rc
phase1/new8.rc
phase1/other01.rc
phase1/post_incdec_test1.rc
phase1/pre_incdec_test1.rc
phase1/recursion_test1.rc
phase1/rohanlocalA.rc
phase1/rohanlocalB.rc
phase1/rohanlocalC.rc
phase1/rohanlocalD.rc
phase1/rohanlocalE.rc
phase1/rohanlocalG.rc
phase1/rohanlocalI.rc
phase1/rohanlocalL.rc
phase1/rohanlocalM.rc
phase1/simple_test0.rc
phase1/test1-01.rc
phase1/test1-02.rc
phase1/test1-03.rc
phase1/test1-04.rc
phase1/test1-06.rc
phase1/test1-07.rc
phase1/test1-08.rc
phase1/test1-11.rc
phase1/test1-12.rc
phase1/test1-17.rc
phase1/test1-18.rc
phase1/test1-19.rc
phase1/test1-32.rc
phase1/test1-33.rc
phase1/test1-37.rc
