phase3/irving_newdelete_test.rc
phase3/irving_pointer_test.rc
phase3/irving_static_test.rc
phase3/new_delete_test0.rc
phase3/new_delete_test1.rc
phase3/pointer_test0.rc
phase3/pointer_test1.rc
phase3/pointer_test10.rc
phase3/pointer_test11.rc
phase3/pointer_test12.rc
phase3/pointer_test13.rc
phase3/pointer_test14.rc
phase3/pointer_test15.rc
phase3/pointer_test16.rc
phase3/pointer_test17.rc
phase3/pointer_test18.rc
phase3/pointer_test19.rc
phase3/pointer_test2.rc
phase3/pointer_test20.rc
phase3/pointer_test21.rc
phase3/pointer_test22.rc
phase3/pointer_test23.rc
phase3/pointer_test24.rc
phase3/pointer_test25.rc
phase3/pointer_test26.rc
phase3/pointer_test3.rc
phase3/pointer_test4.rc
phase3/pointer_test5.rc
phase3/pointer_test6.rc
phase3/pointer_test7.rc
phase3/pointer_test8.rc
phase3/pointer_test9.rc
phase3/static_guard_test1.rc
phase3/static_name_mangling_test.rc
phase3/test3-01.rc
phase3/test3-02.rc
phase3/test3-03.rc
phase3/test3-04.rc
phase3/test3-04_1.rc
phase3/typecast_test1.rc
phase3/typecast_test10.rc
phase3/typecast_test11.rc
phase3/typecast_test12.rc
phase3/typecast_test13.rc
phase3/typecast_test14.rc
phase3/typecast_test15.rc
phase3/typecast_test16.rc
phase3/typecast_test17.rc
phase3/typecast_test18.rc
phase3/typecast_test2.rc
phase3/typecast_test3.rc
phase3/typecast_test4.rc
phase3/typecast_test6.rc
phase3/typecast_test7.rc
phase3/typecast_test8.rc
phase3/typecast_test9.rc
