phase2/benkatherine-funcall-11.rc
phase2/benkatherine-funcall-12.rc
phase2/benkatherine-funcall-13.rc
phase2/benkatherine-funcall-14.rc
phase2/benkatherine-funcall-4.rc
phase2/benkatherine-funcall-6.rc
phase2/benkatherine-funcall-7.rc
phase2/benkatherine-funcall-8.rc
phase2/benkatherine-funcall-9.rc
phase2/func_param_test11.rc
phase2/func_param_test12.rc
phase2/func_param_test13.rc
phase2/func_param_test2.rc
phase2/func_param_test3.rc
phase2/func_param_test4.rc
phase2/func_param_test5.rc
phase2/func_param_test8.rc
phase2/new106.rc
phase2/new107.rc
phase2/new108.rc
phase2/new117.rc
phase2/new118.rc
phase2/new50.rc
phase2/new51.rc
phase2/new52.rc
phase2/new54.rc
phase2/new59.rc
phase2/new61.rc
phase2/new85.rc
phase2/new86.rc
phase2/new97.rc
phase2/rohanArray1.rc
phase2/struct_assign_test1.rc
phase2/struct_assign_test2.rc
phase2/struct_assign_test3.rc
phase2/struct_assign_test4.rc
phase2/test2-16.rc
phase2/test2-19.rc
phase2/test2-21.rc
phase2/test2-22.rc
phase2/test2-23.rc
phase2/test2-24.rc
phase2/test2-25.rc
phase2/test2-34.rc
phase2/test2-36.rc
