phase2/benkatherine-funcall-10.rc
phase2/benkatherine-funcall-11.rc
phase2/benkatherine-funcall-12.rc
phase2/benkatherine-funcall-13.rc
phase2/benkatherine-funcall-14.rc
phase2/benkatherine-funcall-3.rc
phase2/benkatherine-funcall-4.rc
phase2/benkatherine-funcall-5.rc
phase2/benkatherine-funcall-6.rc
phase2/benkatherine-funcall-7.rc
phase2/benkatherine-funcall-8.rc
phase2/benkatherine-funcall-9.rc
phase2/func_param_test1.rc
phase2/func_param_test12.rc
phase2/func_param_test13.rc
phase2/func_param_test2.rc
phase2/func_param_test3.rc
phase2/func_param_test4.rc
phase2/func_param_test5.rc
phase2/func_param_test6.rc
phase2/func_param_test7.rc
phase2/func_param_test8.rc
phase2/func_param_test9.rc
phase2/if_else_check1.rc
phase2/if_else_check2.rc
phase2/k_while_1.rc
phase2/new106.rc
phase2/new107.rc
phase2/new108.rc
phase2/new111.rc
phase2/new112.rc
phase2/new113.rc
phase2/new114.rc
phase2/new115.rc
phase2/new116.rc
phase2/new117.rc
phase2/new118.rc
phase2/new119.rc
phase2/new120.rc
phase2/new121.rc
phase2/new127.rc
phase2/new129.rc
phase2/new53.rc
phase2/new54.rc
phase2/new55.rc
phase2/new56.rc
phase2/new57.rc
phase2/new58.rc
phase2/new59.rc
phase2/new60.rc
phase2/new61.rc
phase2/new69.rc
phase2/new71.rc
phase2/new72.rc
phase2/new76.rc
phase2/new77.rc
phase2/new78.rc
phase2/new85.rc
phase2/new86.rc
phase2/new93.rc
phase2/new94.rc
phase2/new95.rc
phase2/new96.rc
phase2/new97.rc
phase2/recursive_func_test1.rc
phase2/rohanArray1.rc
phase2/shortcircuit_orop_test1.rc
phase2/struct_assign_test1.rc
phase2/struct_assign_test2.rc
phase2/struct_assign_test3.rc
phase2/struct_assign_test5.rc
phase2/test2-05.rc
phase2/test2-06.rc
phase2/test2-16.rc
phase2/test2-17.rc
phase2/test2-19.rc
phase2/test2-20.rc
phase2/test2-21.rc
phase2/test2-22.rc
phase2/test2-23.rc
phase2/test2-24.rc
phase2/test2-25.rc
phase2/test2-34.rc
phase2/test2-36.rc
phase2/while_break_test1.rc
phase2/while_continue_test1.rc
