phase2/benkatherinbitwiseXor-1.rc
phase2/benkatherine-UnaryOp-1.rc
phase2/benkatherine-UnaryOp-2.rc
phase2/benkatherine-array-1.rc
phase2/benkatherine-array-2.rc
phase2/benkatherine-array-3.rc
phase2/benkatherine-array-4.rc
phase2/benkatherine-array-5.rc
phase2/benkatherine-comp-1.rc
phase2/benkatherine-comp-2.rc
phase2/benkatherine-comp-3.rc
phase2/benkatherine-comp-4.rc
phase2/benkatherine-comp-5.rc
phase2/benkatherine-constArrayuge-1.rc
phase2/benkatherine-constar-1.rc
phase2/benkatherine-constar-2.rc
phase2/benkatherine-fun-1.rc
phase2/benkatherine-funcall_1.rc
phase2/benkatherine-negop-1.rc
phase2/benkatherine-post-1.rc
phase2/benkatherine-post-2.rc
phase2/benkatherine-pre-1.rc
phase2/benkatherine-pre-2.rc
phase2/benkatherine-returna.rc
phase2/benkatherine-returnb.rc
phase2/benkatherine-while-1.rc
phase2/benkatherine-while-2.rc
phase2/benkatherine-while-3.rc
phase2/benkatherine-while-4.rc
phase2/benkatherine-while-5.rc
phase2/benkatherine-while-6.rc
phase2/benkatherine-while-7.rc
phase2/benkatherinebitwiseOr-1.rc
phase2/benkatherinebitwiseand-1.rc
phase2/comparison_assign_test1.rc
phase2/func_param_test10.rc
phase2/func_param_test11.rc
phase2/if_else_while_test1.rc
phase2/k_cout_1.rc
phase2/k_functionparam_1.rc
phase2/new100.rc
phase2/new101.rc
phase2/new102.rc
phase2/new103.rc
phase2/new104.rc
phase2/new105.rc
phase2/new110.rc
phase2/new124.rc
phase2/new125.rc
phase2/new126.rc
phase2/new38.rc
phase2/new39.rc
phase2/new40.rc
phase2/new41.rc
phase2/new42.rc
phase2/new43.rc
phase2/new44.rc
phase2/new45.rc
phase2/new46.rc
phase2/new47.rc
phase2/new48.rc
phase2/new49.rc
phase2/new50.rc
phase2/new51.rc
phase2/new52.rc
phase2/new62.rc
phase2/new63.rc
phase2/new64.rc
phase2/new65.rc
phase2/new66.rc
phase2/new67.rc
phase2/new68.rc
phase2/new70.rc
phase2/new74.rc
phase2/new75.rc
phase2/new79.rc
phase2/new80.rc
phase2/new81.rc
phase2/new82.rc
phase2/new87.rc
phase2/new88.rc
phase2/new89.rc
phase2/new90.rc
phase2/new98.rc
phase2/new99.rc
phase2/not_op_check1.rc
phase2/struct_assign_test4.rc
phase2/test2-01.rc
phase2/test2-02.rc
phase2/test2-03.rc
phase2/test2-04.rc
phase2/test2-04_1.rc
phase2/test2-05_1.rc
phase2/test2-08.rc
phase2/test2-09.rc
phase2/test2-10.rc
phase2/test2-11.rc
phase2/test2-12.rc
phase2/test2-13.rc
phase2/test2-14.rc
phase2/test2-15.rc
phase2/test2-18.rc
phase2/test2-27.rc
phase2/test2-28.rc
phase2/test2-29.rc
phase2/test2-30.rc
phase2/test2-30_1.rc
phase2/test2-31.rc
phase2/test2-32.rc
phase2/test2-33.rc
phase2/test2-35.rc
phase2/test2-36_1.rc
phase2/test2-36_2.rc
phase2/while_conditional_test1.rc
phase2/while_conditional_test2.rc
phase2/while_conditional_test3.rc
phase2/while_conditional_test4.rc
